../Core/Src/main.c:94:6:microDelay	16	static
../Core/Src/main.c:100:9:DHT11_Start	32	static
../Core/Src/main.c:131:9:DHT11_Read	16	static
../Core/Src/main.c:157:6:Servo_Set_Angle	24	static
../Core/Src/main.c:167:5:main	24	static
../Core/Src/main.c:317:6:SystemClock_Config	72	static
../Core/Src/main.c:357:13:MX_I2C1_Init	8	static
../Core/Src/main.c:391:13:MX_TIM1_Init	32	static
../Core/Src/main.c:437:13:MX_TIM2_Init	64	static
../Core/Src/main.c:496:13:MX_USART3_UART_Init	8	static
../Core/Src/main.c:529:13:MX_GPIO_Init	40	static
../Core/Src/main.c:587:6:Error_Handler	4	static,ignoring_inline_asm
